// Jest Snapshot v1, https://goo.gl/fbAQLP

exports[`Test [Badge] component Component [Badge] matches DOM Snapshot 1`] = `
<span
  className="rounded-pill bg-danger text-white px-2 "
>
  1000
</span>
`;
