// Jest Snapshot v1, https://goo.gl/fbAQLP

exports[`Test [RangeInput] component Component [RangeInput] should render correctly 1`] = `
<div
  className="range-slider d-flex flex-row justify-content-between align-items-center gap-2"
>
  <input
    className="form-control"
    data-testid="min-range-input"
    onChange={[MockFunction]}
    placeholder="Minimum"
    value={0}
  />
  ~
  <input
    className="form-control"
    data-testid="max-range-input"
    onChange={[MockFunction]}
    placeholder="Maximum"
    value={100}
  />
</div>
`;
